// Jest Snapshot v1, https://goo.gl/fbAQLP

exports[`EmailValidator should validate unsuccessfully 1`] = `[ValidationError: email must be a valid email]`;

exports[`EmailValidator should validate unsuccessfully 2`] = `[ValidationError: email must be a valid email]`;

exports[`EmailValidator should validate unsuccessfully 3`] = `[ValidationError: email must be a valid email]`;
