// Jest Snapshot v1, https://goo.gl/fbAQLP

exports[`ResetPasswordValidator should validate unsuccessfully 1`] = `[ValidationError: Passwords don't match]`;

exports[`ResetPasswordValidator should validate unsuccessfully 2`] = `[ValidationError: confirmPassword is a required field]`;

exports[`ResetPasswordValidator should validate unsuccessfully 3`] = `[ValidationError: confirmPassword is a required field]`;
