// Jest Snapshot v1, https://goo.gl/fbAQLP

exports[`UserLoginValidator should throw an error 1`] = `[ValidationError: 2 errors occurred]`;
