// Jest Snapshot v1, https://goo.gl/fbAQLP

exports[`UserSignUpValidator should throw an error 1`] = `[ValidationError: 7 errors occurred]`;
