// Jest Snapshot v1, https://goo.gl/fbAQLP

exports[`userRoutes post /users/user/tokens should throw an error with a status of 400: BadRequest when the req body doesn't pass validation 1`] = `
Object {
  "data": Object {
    "validationErrors": Array [
      Object {
        "message": "email is a required field",
        "path": "email",
      },
      Object {
        "message": "password is a required field",
        "path": "password",
      },
    ],
  },
}
`;
