// Jest Snapshot v1, https://goo.gl/fbAQLP

exports[`HeroCard render  1`] = `
<div>
  <div
    class="undefined animate-fade h-44 mb-4 rounded flex flex-row mx-4 sm:mx-4 w-full lg:w-1/3 p-3"
  >
    <div
      class=" flex flex-col m-auto"
    >
      <h1
        class="text-2xl  text-neutral-50"
      >
        Browse Our Promotions
      </h1>
      <p
        class="text-base  text-neutral-50"
      >
        Wireless Connection With TV, Computer, Laptop..
      </p>
    </div>
    <div
      class="h-40 w-40 relative m-auto"
    >
      <span
        style="box-sizing: border-box; display: block; overflow: hidden; background: none; opacity: 1; border: 0px; margin: 0px; padding: 0px; position: absolute; top: 0px; left: 0px; bottom: 0px; right: 0px;"
      >
        <img
          alt=""
          data-nimg="fill"
          decoding="async"
          src="data:image/gif;base64,R0lGODlhAQABAIAAAAAAAP///yH5BAEAAAAALAAAAAABAAEAAAIBRAA7"
          style="position: absolute; top: 0px; left: 0px; bottom: 0px; right: 0px; box-sizing: border-box; padding: 0px; margin: auto; display: block; width: 0px; height: 0px; min-width: 100%; max-width: 100%; min-height: 100%; max-height: 100%;"
        />
        <noscript />
      </span>
    </div>
  </div>
</div>
`;
